// Jest Snapshot v1, https://goo.gl/fbAQLP

exports[`LskInputCheckbox should match snapshot: valid input 1`] = `
<div>
  <div class="v-input v-input--has-state v-input--is-label-active v-input--is-dirty theme--light v-input--selection-controls v-input--checkbox success--text">
    <div class="v-input__control">
      <div class="v-input__slot">
        <div class="v-input--selection-controls__input">
          <i aria-hidden="true"
             class="v-icon notranslate mdi mdi-checkbox-marked theme--light success--text"
          >
          </i>
          <input aria-checked="true"
                 id="TEST_CID"
                 role="checkbox"
                 type="checkbox"
                 value
          >
          <div class="v-input--selection-controls__ripple success--text">
          </div>
        </div>
        <label for="TEST_CID"
               class="v-label theme--light success--text"
               style="left: 0px; position: relative;"
        >
          TEST LABEL
        </label>
      </div>
      <div class="v-messages theme--light success--text">
        <transition-group-stub tag="div"
                               name="message-transition"
                               class="v-messages__wrapper"
        >
        </transition-group-stub>
      </div>
    </div>
  </div>
</div>
`;
