// Jest Snapshot v1, https://goo.gl/fbAQLP

exports[`LskPageNotFound should match snapshot 1`] = `
<div class="red--text font-weight-bold">
  Page not found
</div>
`;
