// Jest Snapshot v1, https://goo.gl/fbAQLP

exports[`LskPageIndexCustomer should match snapshot: dialog add customer 1`] = `
<lskdialogaddoreditcustomer-stub cid="customerIndexPageAddCustomerDialog"
                                 value="true"
>
</lskdialogaddoreditcustomer-stub>
`;

exports[`LskPageIndexCustomer should match snapshot: dialog delete customer 1`] = `
<lskdialogdelete-stub cid="customerIndexPageDeleteCustomerDialog"
                      id="2"
                      apiactionname="customerDestroy"
                      checkboxlabel="Yes, delete customer"
                      title="Delete customer"
                      value="true"
>
</lskdialogdelete-stub>
`;

exports[`LskPageIndexCustomer should match snapshot: menu 1`] = `
<div class="v-menu">
  <transition-stub name="v-menu-transition">
    <div role="menu"
         class="v-menu__content theme--light menuable__content__active "
         style="max-height: auto; min-width: 0px; max-width: auto; top: 12px; left: 12px; transform-origin: top left; z-index: 8; display: none;"
    >
      <div class="v-list v-sheet theme--light">
        <div tabindex="0"
             id="customerIndexPageAddCustomerMenuItem"
             role="menuitem"
             class="v-list-item v-list-item--link theme--light"
        >
          <div class="v-list-item__title">
            Add new customer
          </div>
        </div>
      </div>
    </div>
  </transition-stub>
</div>
`;

exports[`LskPageIndexCustomer should match snapshot: page 1`] = `
<div class="row">
  <div class="col col-12">
    <div class="v-card v-sheet theme--light">
      <header class="v-sheet theme--light v-toolbar v-toolbar--flat"
              style="height: 64px;"
      >
        <div class="v-toolbar__content"
             style="height: 64px;"
        >
          <div id="customerIndexPageTitle"
               class="v-toolbar__title"
          >
            Customers
          </div>
          <div class="spacer">
          </div>
          <div class="v-menu">
          </div>
          <button type="button"
                  class="v-btn v-btn--icon v-btn--round theme--light v-size--default"
                  id="customerIndexPageMenuActivator"
                  role="button"
                  aria-haspopup="true"
                  aria-expanded="false"
          >
            <span class="v-btn__content">
              <i aria-hidden="true"
                 class="v-icon notranslate mdi mdi-dots-vertical theme--light"
              >
              </i>
            </span>
          </button>
        </div>
      </header>
      <hr role="separator"
          aria-orientation="horizontal"
          class="v-divider theme--light"
      >
      <div class="v-data-table v-data-table--dense v-data-table--has-bottom theme--light"
           id="customerIndexPageTable"
      >
        <div class="v-data-table__wrapper">
          <table>
            <colgroup>
              <col class>
              <col class>
              <col class>
              <col class>
              <col class>
            </colgroup>
            <thead class="v-data-table-header">
              <tr>
                <th role="columnheader"
                    scope="col"
                    aria-label="Customer id: Sorted descending. Activate to remove sorting."
                    aria-sort="descending"
                    class="text-start blue--text text--darken-2 sortable active desc"
                >
                  <span>
                    Customer id
                  </span>
                  <i aria-hidden="true"
                     class="v-icon notranslate v-data-table-header__icon mdi mdi-arrow-up theme--light"
                     style="font-size: 18px;"
                  >
                  </i>
                </th>
                <th role="columnheader"
                    scope="col"
                    aria-label="Name: Not sorted. Activate to sort ascending."
                    aria-sort="none"
                    class="text-start blue--text text--darken-2 sortable"
                >
                  <span>
                    Name
                  </span>
                  <i aria-hidden="true"
                     class="v-icon notranslate v-data-table-header__icon mdi mdi-arrow-up theme--light"
                     style="font-size: 18px;"
                  >
                  </i>
                </th>
                <th role="columnheader"
                    scope="col"
                    aria-label="Address line 1: Not sorted. Activate to sort ascending."
                    aria-sort="none"
                    class="text-start blue--text text--darken-2 sortable"
                >
                  <span>
                    Address line 1
                  </span>
                  <i aria-hidden="true"
                     class="v-icon notranslate v-data-table-header__icon mdi mdi-arrow-up theme--light"
                     style="font-size: 18px;"
                  >
                  </i>
                </th>
                <th role="columnheader"
                    scope="col"
                    aria-label="Address line 2: Not sorted. Activate to sort ascending."
                    aria-sort="none"
                    class="text-start blue--text text--darken-2 sortable"
                >
                  <span>
                    Address line 2
                  </span>
                  <i aria-hidden="true"
                     class="v-icon notranslate v-data-table-header__icon mdi mdi-arrow-up theme--light"
                     style="font-size: 18px;"
                  >
                  </i>
                </th>
                <th role="columnheader"
                    scope="col"
                    aria-label="Actions"
                    class="text-start blue--text text--darken-2"
                >
                  <span>
                    Actions
                  </span>
                </th>
              </tr>
            </thead>
            <tbody>
              <tr class>
                <td class="text-start">
                  2
                </td>
                <td class="text-start">
                  NAME 2
                </td>
                <td class="text-start">
                  ADDRESS LINE ONE 2
                </td>
                <td class="text-start">
                  ADDRESS LINE TWO 2
                </td>
                <td class="text-start">
                  <button type="button"
                          aria-haspopup="true"
                          aria-expanded="false"
                          class="v-icon notranslate v-icon--link mdi mdi-monitor theme--light mr-3"
                          style="font-size: 16px;"
                  >
                  </button>
                  <span class="v-tooltip v-tooltip--bottom">
                  </span>
                  <span class="v-tooltip v-tooltip--bottom">
                  </span>
                  <button type="button"
                          aria-haspopup="true"
                          aria-expanded="false"
                          class="v-icon notranslate v-icon--link mdi mdi-delete theme--light"
                          style="font-size: 16px;"
                  >
                  </button>
                </td>
              </tr>
              <tr class>
                <td class="text-start">
                  1
                </td>
                <td class="text-start">
                  NAME 1
                </td>
                <td class="text-start">
                  ADDRESS LINE ONE 1
                </td>
                <td class="text-start">
                  ADDRESS LINE TWO 1
                </td>
                <td class="text-start">
                  <button type="button"
                          aria-haspopup="true"
                          aria-expanded="false"
                          class="v-icon notranslate v-icon--link mdi mdi-monitor theme--light mr-3"
                          style="font-size: 16px;"
                  >
                  </button>
                  <span class="v-tooltip v-tooltip--bottom">
                  </span>
                  <span class="v-tooltip v-tooltip--bottom">
                  </span>
                  <button type="button"
                          aria-haspopup="true"
                          aria-expanded="false"
                          class="v-icon notranslate v-icon--link mdi mdi-delete theme--light"
                          style="font-size: 16px;"
                  >
                  </button>
                </td>
              </tr>
            </tbody>
          </table>
        </div>
        <div class="v-data-footer">
          <div class="v-data-footer__select">
            Rows per page:
            <div class="v-input v-input--hide-details v-input--is-label-active v-input--is-dirty theme--light v-text-field v-select">
              <div class="v-input__control">
                <div role="button"
                     aria-haspopup="listbox"
                     aria-expanded="false"
                     aria-owns="list-22"
                     class="v-input__slot"
                >
                  <div class="v-select__slot">
                    <div class="v-select__selections">
                      <div class="v-select__selection v-select__selection--comma">
                        10
                      </div>
                      <input aria-label="Rows per page:"
                             id="input-22"
                             readonly="readonly"
                             type="text"
                             aria-readonly="false"
                             autocomplete="off"
                      >
                    </div>
                    <div class="v-input__append-inner">
                      <div class="v-input__icon v-input__icon--append">
                        <i aria-hidden="true"
                           class="v-icon notranslate mdi mdi-menu-down theme--light"
                        >
                        </i>
                      </div>
                    </div>
                    <input type="hidden"
                           value="10"
                    >
                  </div>
                  <div class="v-menu">
                  </div>
                </div>
              </div>
            </div>
          </div>
          <div class="v-data-footer__pagination">
            1-2 of 2
          </div>
          <div class="v-data-footer__icons-before">
            <button type="button"
                    disabled="disabled"
                    class="v-btn v-btn--disabled v-btn--icon v-btn--round v-btn--text theme--light v-size--default"
                    aria-label="Previous page"
            >
              <span class="v-btn__content">
                <i aria-hidden="true"
                   class="v-icon notranslate mdi mdi-chevron-left theme--light"
                >
                </i>
              </span>
            </button>
          </div>
          <div class="v-data-footer__icons-after">
            <button type="button"
                    disabled="disabled"
                    class="v-btn v-btn--disabled v-btn--icon v-btn--round v-btn--text theme--light v-size--default"
                    aria-label="Next page"
            >
              <span class="v-btn__content">
                <i aria-hidden="true"
                   class="v-icon notranslate mdi mdi-chevron-right theme--light"
                >
                </i>
              </span>
            </button>
          </div>
        </div>
      </div>
      <lskdialogaddoreditcustomer-stub cid="customerIndexPageAddCustomerDialog">
      </lskdialogaddoreditcustomer-stub>
      <lskdialogdelete-stub cid="customerIndexPageDeleteCustomerDialog"
                            apiactionname="customerDestroy"
                            checkboxlabel="Yes, delete customer"
                            title="Delete customer"
      >
      </lskdialogdelete-stub>
    </div>
  </div>
</div>
`;
